// Jest Snapshot v1, https://goo.gl/fbAQLP

exports[`renders homepage unchanged 1`] = `
<div>
  <div
    class="mt-6 container-mw-xl container-fluid"
  >
    <div
      class="my-3 row"
    >
      <div
        class="col-xl-3 col-lg-4 col-sm-6 col-12"
      >
        <h3
          class="mb-4"
        >
          Filters
        </h3>
        <div
          class="course-filters"
        >
          <div
            class="row"
          >
            <div
              class="col-xl-12"
            >
              <h4>
                Learning type
              </h4>
              <div
                class="row"
              >
                <div
                  class="col-xl-12"
                >
                  <div
                    class="form-group"
                  >
                    <div
                      class="pgn__form-checkbox"
                    >
                      <input
                        class="pgn__form-checkbox-input"
                        id="form-field1"
                        name="learningType"
                        type="checkbox"
                        value="Certificate"
                      />
                      <div>
                        <label
                          class="pgn__form-label"
                          for="form-field1"
                        >
                          Certificate
                        </label>
                      </div>
                    </div>
                  </div>
                  <div
                    class="form-group"
                  >
                    <div
                      class="pgn__form-checkbox"
                    >
                      <input
                        class="pgn__form-checkbox-input"
                        id="form-field2"
                        name="learningType"
                        type="checkbox"
                        value="Course"
                      />
                      <div>
                        <label
                          class="pgn__form-label"
                          for="form-field2"
                        >
                          Course
                        </label>
                      </div>
                    </div>
                  </div>
                  <div
                    class="form-group"
                  >
                    <div
                      class="pgn__form-checkbox"
                    >
                      <input
                        class="pgn__form-checkbox-input"
                        id="form-field3"
                        name="learningType"
                        type="checkbox"
                        value="Executive Education"
                      />
                      <div>
                        <label
                          class="pgn__form-label"
                          for="form-field3"
                        >
                          Executive Education
                        </label>
                      </div>
                    </div>
                  </div>
                  <div
                    class="form-group"
                  >
                    <div
                      class="pgn__form-checkbox"
                    >
                      <input
                        class="pgn__form-checkbox-input"
                        id="form-field4"
                        name="learningType"
                        type="checkbox"
                        value="Masters"
                      />
                      <div>
                        <label
                          class="pgn__form-label"
                          for="form-field4"
                        >
                          Masters
                        </label>
                      </div>
                    </div>
                  </div>
                </div>
                <div
                  class="col-xl-12"
                >
                  <button
                    class="mb-5 btn btn-outline-primary"
                    type="button"
                  >
                    Show More
                  </button>
                </div>
              </div>
            </div>
            <div
              class="col-xl-12"
            >
              <h4>
                Subject
              </h4>
              <div
                class="row"
              >
                <div
                  class="col-xl-12"
                >
                  <div
                    class="form-group"
                  >
                    <div
                      class="pgn__form-checkbox"
                    >
                      <input
                        class="pgn__form-checkbox-input"
                        id="form-field5"
                        name="subject"
                        type="checkbox"
                        value="Architecture"
                      />
                      <div>
                        <label
                          class="pgn__form-label"
                          for="form-field5"
                        >
                          Architecture
                        </label>
                      </div>
                    </div>
                  </div>
                  <div
                    class="form-group"
                  >
                    <div
                      class="pgn__form-checkbox"
                    >
                      <input
                        class="pgn__form-checkbox-input"
                        id="form-field6"
                        name="subject"
                        type="checkbox"
                        value="Biology & Life Sciences"
                      />
                      <div>
                        <label
                          class="pgn__form-label"
                          for="form-field6"
                        >
                          Biology & Life Sciences
                        </label>
                      </div>
                    </div>
                  </div>
                  <div
                    class="form-group"
                  >
                    <div
                      class="pgn__form-checkbox"
                    >
                      <input
                        class="pgn__form-checkbox-input"
                        id="form-field7"
                        name="subject"
                        type="checkbox"
                        value="Business & Management"
                      />
                      <div>
                        <label
                          class="pgn__form-label"
                          for="form-field7"
                        >
                          Business & Management
                        </label>
                      </div>
                    </div>
                  </div>
                  <div
                    class="form-group"
                  >
                    <div
                      class="pgn__form-checkbox"
                    >
                      <input
                        class="pgn__form-checkbox-input"
                        id="form-field8"
                        name="subject"
                        type="checkbox"
                        value="Communication"
                      />
                      <div>
                        <label
                          class="pgn__form-label"
                          for="form-field8"
                        >
                          Communication
                        </label>
                      </div>
                    </div>
                  </div>
                </div>
                <div
                  class="col-xl-12"
                >
                  <button
                    class="mb-5 btn btn-outline-primary"
                    type="button"
                  >
                    Show More
                  </button>
                </div>
              </div>
            </div>
            <div
              class="col-xl-12"
            >
              <h4>
                Skill
              </h4>
              <div
                class="row"
              >
                <div
                  class="col-xl-12"
                >
                  <div
                    class="form-group"
                  >
                    <div
                      class="pgn__form-checkbox"
                    >
                      <input
                        class="pgn__form-checkbox-input"
                        id="form-field9"
                        name="skill"
                        type="checkbox"
                        value="Algebra"
                      />
                      <div>
                        <label
                          class="pgn__form-label"
                          for="form-field9"
                        >
                          Algebra
                        </label>
                      </div>
                    </div>
                  </div>
                  <div
                    class="form-group"
                  >
                    <div
                      class="pgn__form-checkbox"
                    >
                      <input
                        class="pgn__form-checkbox-input"
                        id="form-field10"
                        name="skill"
                        type="checkbox"
                        value="Algorithm Design"
                      />
                      <div>
                        <label
                          class="pgn__form-label"
                          for="form-field10"
                        >
                          Algorithm Design
                        </label>
                      </div>
                    </div>
                  </div>
                  <div
                    class="form-group"
                  >
                    <div
                      class="pgn__form-checkbox"
                    >
                      <input
                        class="pgn__form-checkbox-input"
                        id="form-field11"
                        name="skill"
                        type="checkbox"
                        value="Algorithms"
                      />
                      <div>
                        <label
                          class="pgn__form-label"
                          for="form-field11"
                        >
                          Algorithms
                        </label>
                      </div>
                    </div>
                  </div>
                  <div
                    class="form-group"
                  >
                    <div
                      class="pgn__form-checkbox"
                    >
                      <input
                        class="pgn__form-checkbox-input"
                        id="form-field12"
                        name="skill"
                        type="checkbox"
                        value="Animations"
                      />
                      <div>
                        <label
                          class="pgn__form-label"
                          for="form-field12"
                        >
                          Animations
                        </label>
                      </div>
                    </div>
                  </div>
                </div>
                <div
                  class="col-xl-12"
                >
                  <button
                    class="mb-5 btn btn-outline-primary"
                    type="button"
                  >
                    Show More
                  </button>
                </div>
              </div>
            </div>
            <div
              class="col-xl-12"
            >
              <h4>
                Availability
              </h4>
              <div
                class="row"
              >
                <div
                  class="col-xl-12"
                >
                  <div
                    class="form-group"
                  >
                    <div
                      class="pgn__form-checkbox"
                    >
                      <input
                        class="pgn__form-checkbox-input"
                        id="form-field13"
                        name="availability"
                        type="checkbox"
                        value="Archived"
                      />
                      <div>
                        <label
                          class="pgn__form-label"
                          for="form-field13"
                        >
                          Archived
                        </label>
                      </div>
                    </div>
                  </div>
                  <div
                    class="form-group"
                  >
                    <div
                      class="pgn__form-checkbox"
                    >
                      <input
                        class="pgn__form-checkbox-input"
                        id="form-field14"
                        name="availability"
                        type="checkbox"
                        value="Available now"
                      />
                      <div>
                        <label
                          class="pgn__form-label"
                          for="form-field14"
                        >
                          Available now
                        </label>
                      </div>
                    </div>
                  </div>
                  <div
                    class="form-group"
                  >
                    <div
                      class="pgn__form-checkbox"
                    >
                      <input
                        class="pgn__form-checkbox-input"
                        id="form-field15"
                        name="availability"
                        type="checkbox"
                        value="Upcoming"
                      />
                      <div>
                        <label
                          class="pgn__form-label"
                          for="form-field15"
                        >
                          Upcoming
                        </label>
                      </div>
                    </div>
                  </div>
                </div>
              </div>
            </div>
            <div
              class="col-xl-12"
            >
              <h4>
                Program
              </h4>
              <div
                class="row"
              >
                <div
                  class="col-xl-12"
                >
                  <div
                    class="form-group"
                  >
                    <div
                      class="pgn__form-checkbox"
                    >
                      <input
                        class="pgn__form-checkbox-input"
                        id="form-field16"
                        name="program"
                        type="checkbox"
                        value="Certificate"
                      />
                      <div>
                        <label
                          class="pgn__form-label"
                          for="form-field16"
                        >
                          Certificate
                        </label>
                      </div>
                    </div>
                  </div>
                  <div
                    class="form-group"
                  >
                    <div
                      class="pgn__form-checkbox"
                    >
                      <input
                        class="pgn__form-checkbox-input"
                        id="form-field17"
                        name="program"
                        type="checkbox"
                        value="Masters"
                      />
                      <div>
                        <label
                          class="pgn__form-label"
                          for="form-field17"
                        >
                          Masters
                        </label>
                      </div>
                    </div>
                  </div>
                  <div
                    class="form-group"
                  >
                    <div
                      class="pgn__form-checkbox"
                    >
                      <input
                        class="pgn__form-checkbox-input"
                        id="form-field18"
                        name="program"
                        type="checkbox"
                        value="MicroBachelors"
                      />
                      <div>
                        <label
                          class="pgn__form-label"
                          for="form-field18"
                        >
                          MicroBachelors
                        </label>
                      </div>
                    </div>
                  </div>
                  <div
                    class="form-group"
                  >
                    <div
                      class="pgn__form-checkbox"
                    >
                      <input
                        class="pgn__form-checkbox-input"
                        id="form-field19"
                        name="program"
                        type="checkbox"
                        value="MicroMasters"
                      />
                      <div>
                        <label
                          class="pgn__form-label"
                          for="form-field19"
                        >
                          MicroMasters
                        </label>
                      </div>
                    </div>
                  </div>
                </div>
                <div
                  class="col-xl-12"
                >
                  <button
                    class="mb-5 btn btn-outline-primary"
                    type="button"
                  >
                    Show More
                  </button>
                </div>
              </div>
            </div>
            <div
              class="col-xl-12"
            >
              <h4>
                Level
              </h4>
              <div
                class="row"
              >
                <div
                  class="col-xl-12"
                >
                  <div
                    class="form-group"
                  >
                    <div
                      class="pgn__form-checkbox"
                    >
                      <input
                        class="pgn__form-checkbox-input"
                        id="form-field20"
                        name="level"
                        type="checkbox"
                        value="Advanced"
                      />
                      <div>
                        <label
                          class="pgn__form-label"
                          for="form-field20"
                        >
                          Advanced
                        </label>
                      </div>
                    </div>
                  </div>
                  <div
                    class="form-group"
                  >
                    <div
                      class="pgn__form-checkbox"
                    >
                      <input
                        class="pgn__form-checkbox-input"
                        id="form-field21"
                        name="level"
                        type="checkbox"
                        value="Intermediate"
                      />
                      <div>
                        <label
                          class="pgn__form-label"
                          for="form-field21"
                        >
                          Intermediate
                        </label>
                      </div>
                    </div>
                  </div>
                  <div
                    class="form-group"
                  >
                    <div
                      class="pgn__form-checkbox"
                    >
                      <input
                        class="pgn__form-checkbox-input"
                        id="form-field22"
                        name="level"
                        type="checkbox"
                        value="Introductory"
                      />
                      <div>
                        <label
                          class="pgn__form-label"
                          for="form-field22"
                        >
                          Introductory
                        </label>
                      </div>
                    </div>
                  </div>
                </div>
              </div>
            </div>
            <div
              class="col-xl-12"
            >
              <h4>
                School & Partner
              </h4>
              <div
                class="row"
              >
                <div
                  class="col-xl-12"
                >
                  <div
                    class="form-group"
                  >
                    <div
                      class="pgn__form-checkbox"
                    >
                      <input
                        class="pgn__form-checkbox-input"
                        id="form-field23"
                        name="schoolPartner"
                        type="checkbox"
                        value="Columbia University"
                      />
                      <div>
                        <label
                          class="pgn__form-label"
                          for="form-field23"
                        >
                          Columbia University
                        </label>
                      </div>
                    </div>
                  </div>
                  <div
                    class="form-group"
                  >
                    <div
                      class="pgn__form-checkbox"
                    >
                      <input
                        class="pgn__form-checkbox-input"
                        id="form-field24"
                        name="schoolPartner"
                        type="checkbox"
                        value="Cooper Union"
                      />
                      <div>
                        <label
                          class="pgn__form-label"
                          for="form-field24"
                        >
                          Cooper Union
                        </label>
                      </div>
                    </div>
                  </div>
                  <div
                    class="form-group"
                  >
                    <div
                      class="pgn__form-checkbox"
                    >
                      <input
                        class="pgn__form-checkbox-input"
                        id="form-field25"
                        name="schoolPartner"
                        type="checkbox"
                        value="Cornell University"
                      />
                      <div>
                        <label
                          class="pgn__form-label"
                          for="form-field25"
                        >
                          Cornell University
                        </label>
                      </div>
                    </div>
                  </div>
                  <div
                    class="form-group"
                  >
                    <div
                      class="pgn__form-checkbox"
                    >
                      <input
                        class="pgn__form-checkbox-input"
                        id="form-field26"
                        name="schoolPartner"
                        type="checkbox"
                        value="Curtin University"
                      />
                      <div>
                        <label
                          class="pgn__form-label"
                          for="form-field26"
                        >
                          Curtin University
                        </label>
                      </div>
                    </div>
                  </div>
                </div>
                <div
                  class="col-xl-12"
                >
                  <button
                    class="mb-5 btn btn-outline-primary"
                    type="button"
                  >
                    Show More
                  </button>
                </div>
              </div>
            </div>
          </div>
        </div>
      </div>
      <div
        class="col-xl-9 col-lg-8 col-sm-6 col-12"
      >
        <div
          class="course-list container-fluid"
        >
          <h2
            class="mb-4"
          >
            All courses
          </h2>
          <div
            class="row"
          />
        </div>
      </div>
    </div>
  </div>
</div>
`;
